============================================================
STEP 1: Loading fNIRS HbO data
============================================================
Loaded zhbo_TxRxS shape : (889, 42, 21)  (T x channels x subjects)
After dropping 3 timepoints: (886, 42, 21)

============================================================
STEP 2: Computing group-mean fNIRS HbO
============================================================
Group-mean fNIRS shape: (886, 22)  (T x channels)

============================================================
STEP 3: Loading fMRI group-mean BOLD
============================================================
Group-mean fMRI shape : (886, 122)  (T x ROIs)

============================================================
STEP 4: Reading MNI coordinates from Standard_Channels.txt
============================================================
Total rows            : 50
Standard channels     : 42 (dist > 15.0mm, expected 42)
MNI coords shape      : (22, 3)
First 3 channels:
[[-48.4   53.6   -3.64]
 [-36.1   64.72 -11.74]
 [-49.13  46.02  20.01]]

============================================================
STEP 5: Computing ROI centroids in MNI space
============================================================
ROI labels found: 122 (expected 122)
ROI centroids shape: (122, 3)

============================================================
STEP 6: Matching channels to nearest ROI
============================================================

  Ch               MNI (x,y,z)    ROI   Dist(mm)  Flag
--------------------------------------------------------------
   1  ( -48.4,  53.6,  -3.6)     41      15.00  
   2  ( -36.1,  64.7, -11.7)     41      13.52  
   3  ( -49.1,  46.0,  20.0)     35      13.01  
   4  ( -32.3,  47.6,  39.2)     25      12.40  
   5  ( -43.3,  57.2,  11.2)     41      16.32  
   6  ( -26.0,  69.9,   1.1)     41      16.37  
   7  ( -25.9,  59.9,  30.4)     25      17.49  
   8  ( -15.3,  69.4,  18.9)     48      24.89  *** >20mm
   9  ( -13.4,  72.4,  -7.7)     48      25.24  *** >20mm
  10  (   1.1,  68.4,   8.8)     48      20.45  *** >20mm
  11  (  13.6,  72.4,  -7.4)    106      26.41  *** >20mm
  12  ( -10.5,  50.2,  49.3)     51       9.53  
  13  (   1.6,  57.7,  37.9)    109      14.12  
  14  (  10.0,  51.0,  48.6)    109       7.36  
  15  (  15.1,  69.5,  18.8)    106      25.26  *** >20mm
  16  (  26.0,  59.7,  30.7)     83      15.75  
  17  (  25.9,  70.1,   1.2)     98      17.26  
  18  (  42.6,  57.8,  11.9)     98      17.67  
  19  (  32.2,  48.8,  38.1)     83      10.89  
  20  (  48.2,  46.8,  20.4)     83      16.99  
  21  (  36.3,  64.9, -11.0)     98      13.43  
  22  (  48.7,  53.5,  -2.9)     84      11.31  

*** 7 ROIs matched by multiple channels:
  ROI 25: channels [4, 7]
  ROI 41: channels [1, 2, 5, 6]
  ROI 48: channels [8, 9, 10]
  ROI 83: channels [16, 19, 20]
  ROI 98: channels [17, 18, 21]
  ROI 106: channels [11, 15]
  ROI 109: channels [13, 14]

============================================================
STEP 7: Computing Pearson r for each matched pair
============================================================
Mean r   : 0.1303
Median r : 0.1393
Std r    : 0.0770
r values : [ 0.169  0.235  0.028  0.101  0.165  0.206  0.134  0.205  0.213  0.262
  0.128  0.148  0.039  0.133  0.05   0.096  0.145  0.082  0.168  0.061
  0.175 -0.077]

============================================================
STEP 8: Phase-randomization permutation test (1000 iters, nltools)
============================================================
  Channel 10/22...
  Channel 20/22...

============================================================
STEP 9: FDR correction (fdr_bh)
============================================================
Significant: 6/22 channels (FDR q<0.05)
Sig channel indices: [ 2  6  8  9 10 19]
[False  True False False False  True False  True  True  True False False
 False False False False False False  True False False False]

============================================================
STEP 10: Saving results as .mat
============================================================
Saved: /project/ycleong/users/judycchen/prediction-proj/data/c_fnirs-fmri-corr_frontal/fnirs_fmri_corr.mat

============================================================
STEP 11: Bar plot
============================================================
Bar plot saved: /project/ycleong/users/judycchen/prediction-proj/data/c_fnirs-fmri-corr_frontal/fnirs_fmri_corr_barplot.png

Generating correlation heatmap (matching + global control)...
Heatmap saved: /project/ycleong/users/judycchen/prediction-proj/data/c_fnirs-fmri-corr_frontal/fnirs_fmri_corr_heatmap.png

============================================================
STEP 12: Generating NIfTI sanity check files
============================================================
Channel spheres saved.
Matched ROIs NIfTI saved.

============================================================
SUPP TABLE S2: Control analysis
============================================================

  Control: primary_auditory
    Median r = -0.0827
    Significant: 0/22 (FDR q<0.05)

  Control: primary_visual
    Median r = -0.0669
    Significant: 0/22 (FDR q<0.05)

  Control: global_grey_matter
    Median r = 0.0236
    Significant: 0/22 (FDR q<0.05)

Supp Table S2 saved.

Summary:
Control                     Median r    N sig
---------------------------------------------
primary_auditory             -0.0827        0/22
primary_visual               -0.0669        0/22
global_grey_matter            0.0236        0/22
Control results appended to fnirs_fmri_corr.mat

Done. Phase 3 complete.
All outputs in: /project/ycleong/users/judycchen/prediction-proj/data/c_fnirs-fmri-corr_frontal
