============================================================
STEP 1: Loading fNIRS HbO data
============================================================
Loaded zhbo_TxRxS shape : (889, 42, 21)  (T x channels x subjects)
After dropping 3 timepoints: (886, 42, 21)

============================================================
STEP 2: Computing group-mean fNIRS HbO
============================================================
Group-mean fNIRS shape: (886, 42)  (T x channels)

============================================================
STEP 3: Loading fMRI group-mean BOLD
============================================================
Group-mean fMRI shape : (886, 122)  (T x ROIs)

============================================================
STEP 4: Reading MNI coordinates from Standard_Channels.txt
============================================================
Total rows            : 50
Standard channels     : 42 (dist > 15.0mm, expected 42)
MNI coords shape      : (42, 3)
First 3 channels:
[[-48.4   53.6   -3.64]
 [-36.1   64.72 -11.74]
 [-49.13  46.02  20.01]]

============================================================
STEP 5: Computing ROI centroids in MNI space
============================================================
ROI labels found: 122 (expected 122)
ROI centroids shape: (122, 3)

============================================================
STEP 6: Matching channels to nearest ROI
============================================================

  Ch               MNI (x,y,z)    ROI   Dist(mm)  Flag
--------------------------------------------------------------
   1  ( -48.4,  53.6,  -3.6)     41      15.00  
   2  ( -36.1,  64.7, -11.7)     41      13.52  
   3  ( -49.1,  46.0,  20.0)     35      13.01  
   4  ( -32.3,  47.6,  39.2)     25      12.40  
   5  ( -43.3,  57.2,  11.2)     41      16.32  
   6  ( -26.0,  69.9,   1.1)     41      16.37  
   7  ( -25.9,  59.9,  30.4)     25      17.49  
   8  ( -15.3,  69.4,  18.9)     48      24.89  *** >20mm
   9  ( -67.1, -55.8,  -8.6)     31      11.77  
  10  ( -70.7, -44.9,   4.7)     57      16.02  
  11  ( -60.5, -68.6,   7.7)     14       8.25  
  12  ( -64.8, -57.8,  25.3)     50      12.84  
  13  ( -53.2, -72.3,  37.1)     45       9.53  
  14  ( -66.1, -44.7,  41.7)     23       8.59  
  15  ( -54.2, -59.3,  51.9)     38       8.43  
  16  ( -42.4, -47.7,  66.2)     15      16.43  
  17  ( -39.8, -72.9,  53.1)     45      17.10  
  18  ( -29.6, -59.9,  70.0)     13      21.67  *** >20mm
  19  (  30.2, -58.8,  70.1)     70      19.36  
  20  (  39.6, -72.5,  53.4)     70      17.02  
  21  ( -13.4,  72.4,  -7.7)     48      25.24  *** >20mm
  22  (   1.1,  68.4,   8.8)     48      20.45  *** >20mm
  23  (  13.6,  72.4,  -7.4)    106      26.41  *** >20mm
  24  ( -10.5,  50.2,  49.3)     51       9.53  
  25  (   1.6,  57.7,  37.9)    109      14.12  
  26  (  10.0,  51.0,  48.6)    109       7.36  
  27  (  15.1,  69.5,  18.8)    106      25.26  *** >20mm
  28  (  26.0,  59.7,  30.7)     83      15.75  
  29  (  25.9,  70.1,   1.2)     98      17.26  
  30  (  42.6,  57.8,  11.9)     98      17.67  
  31  (  32.2,  48.8,  38.1)     83      10.89  
  32  (  48.2,  46.8,  20.4)     83      16.99  
  33  (  36.3,  64.9, -11.0)     98      13.43  
  34  (  48.7,  53.5,  -2.9)     84      11.31  
  35  (  41.6, -46.3,  66.6)     72      16.28  
  36  (  54.5, -58.2,  52.3)     96       8.68  
  37  (  66.1, -44.2,  42.1)     81      10.47  
  38  (  53.6, -71.6,  37.3)    111      11.10  
  39  (  65.3, -56.5,  25.7)    103      13.58  
  40  (  61.1, -67.8,   8.2)     71       9.20  
  41  (  70.3, -44.2,   7.4)     71      19.48  
  42  (  67.2, -55.8,  -7.1)     90       9.92  

*** 10 ROIs matched by multiple channels:
  ROI 25: channels [4, 7]
  ROI 41: channels [1, 2, 5, 6]
  ROI 45: channels [13, 17]
  ROI 48: channels [8, 21, 22]
  ROI 70: channels [19, 20]
  ROI 71: channels [40, 41]
  ROI 83: channels [28, 31, 32]
  ROI 98: channels [29, 30, 33]
  ROI 106: channels [23, 27]
  ROI 109: channels [25, 26]

============================================================
STEP 7: Computing Pearson r for each matched pair
============================================================
Mean r   : 0.0985
Median r : 0.1194
Std r    : 0.0869
r values : [ 0.169  0.235  0.028  0.101  0.165  0.206  0.134  0.205  0.119  0.232
  0.032  0.119  0.137  0.006  0.137 -0.044  0.143 -0.051  0.014 -0.013
  0.213  0.262  0.128  0.148  0.039  0.133  0.05   0.096  0.145  0.082
  0.168  0.061  0.175 -0.077  0.028  0.115 -0.007 -0.027  0.162  0.082
  0.153 -0.064]

============================================================
STEP 8: Phase-randomization permutation test (1000 iters, nltools)
============================================================
  Channel 10/42...
  Channel 20/42...
  Channel 30/42...
  Channel 40/42...

============================================================
STEP 9: FDR correction (fdr_bh)
============================================================
Significant: 1/42 channels (FDR q<0.05)
Sig channel indices: [22]
[False False False False False False False False False False False False
 False False False False False False False False False  True False False
 False False False False False False False False False False False False
 False False False False False False]

============================================================
STEP 10: Saving results as .mat
============================================================
Saved: /project/ycleong/users/judycchen/prediction-proj/data/c_fnirs-fmri-corr/fnirs_fmri_corr.mat

============================================================
STEP 11: Bar plot
============================================================
Bar plot saved: /project/ycleong/users/judycchen/prediction-proj/data/c_fnirs-fmri-corr/fnirs_fmri_corr_barplot.png

Generating correlation heatmap (matching + global control)...
Heatmap saved: /project/ycleong/users/judycchen/prediction-proj/data/c_fnirs-fmri-corr/fnirs_fmri_corr_heatmap.png

============================================================
STEP 12: Generating NIfTI sanity check files
============================================================
Channel spheres saved.
Matched ROIs NIfTI saved.

============================================================
SUPP TABLE S2: Control analysis
============================================================

  Control: primary_auditory
    Median r = -0.0639
    Significant: 0/42 (FDR q<0.05)

  Control: primary_visual
    Median r = -0.0483
    Significant: 0/42 (FDR q<0.05)

  Control: global_grey_matter
    Median r = 0.0186
    Significant: 0/42 (FDR q<0.05)

Supp Table S2 saved.

Summary:
Control                     Median r    N sig
---------------------------------------------
primary_auditory             -0.0639        0/42
primary_visual               -0.0483        0/42
global_grey_matter            0.0186        0/42
Control results appended to fnirs_fmri_corr.mat

Done. Phase 3 complete.
All outputs in: /project/ycleong/users/judycchen/prediction-proj/data/c_fnirs-fmri-corr
