============================================================
Loading model outputs
============================================================
grp-grp r shape    : (122,)
Predicted shape    : (122, 886)
True fMRI shape    : (122, 886)
Per-subject fMRI   : (886, 122, 59)

============================================================
Phase-randomization permutation test (1000 iters)
============================================================
  ROI 20/122...
  ROI 40/122...
  ROI 60/122...
  ROI 80/122...
  ROI 100/122...
  ROI 120/122...
Permutation complete.

============================================================
FDR correction (fdr_bh)
============================================================
grp_grp_corr: 0 ROI has corrected pval greater than raw pval.
Significant ROIs (FDR q<0.05): 13/122
Significant ROI indices: [  2  11  12  41  60  68  71  81  93  94 109 110 122]
Median r (all ROIs):     0.0807
Median r (sig ROIs):     0.2164

============================================================
Computing Proportion of Noise Ceiling (PNC)
============================================================
Median PNC (all ROIs):  0.0983
Mean PNC (all ROIs):    0.1036
Median PNC (sig ROIs):  0.2562

============================================================
Saving results
============================================================
Saved: apcr_significance.mat
Saved: apcr_summary.csv

Top 10 ROIs by r:
 roi  pearson_r  q_fdr  significant    pnc
   2     0.2644 0.0457            1 0.2731
  12     0.2453 0.0469            1 0.2562
  11     0.2433 0.0469            1 0.2562
  71     0.2423 0.0457            1 0.2551
  59     0.2381 0.0522            0 0.2459
  41     0.2362 0.0457            1 0.3179
  69     0.2304 0.0574            0 0.2386
  93     0.2270 0.0469            1 0.2601
 110     0.2164 0.0457            1 0.2651
  68     0.2076 0.0469            1 0.2231

All outputs in: /project/ycleong/users/judycchen/prediction-proj/data/d_apcr-model
Done: f_apcr_significance.py
